// Jest Snapshot v1, https://goo.gl/fbAQLP

exports[`Tests loader component renders loader correctly 1`] = `
<ActivityIndicator
  animating={true}
  color="#7C92FF"
  size="large"
  style={
    Array [
      Object {},
    ]
  }
/>
`;
